// Vitest Snapshot v1, https://vitest.dev/guide/snapshot.html

exports[`e2e:fst-util-from-fs > should expose public api 1`] = `
[
  "fromFileSystem",
]
`;
